// Jest Snapshot v1, https://goo.gl/fbAQLP

exports[`renders correctly 1`] = `
<div
  className="flex flex-col items-start justify-between gap-1 px-2"
>
  <label
    className=" mt-4 w-full text-left font-poppins text-xl font-semibold text-NeutralBlack dark:text-NeutralWhite"
    htmlFor="name"
  />
  <input
    className="w-full rounded-md border text-NeutralBlack dark:text-NeutralWhite  border-gray-50 dark:border-gray-600 bg-gray-200 dark:bg-gray-700 p-3  outline-none "
    onChange={[Function]}
  />
</div>
`;
