// Jest Snapshot v1, https://goo.gl/fbAQLP

exports[`renders correctly 1`] = `
<div
  className="w-full"
>
  <form
    className="w-full flex flex-col gap-5 md:flex-row justify-start items-center lg:gap-32"
    onSubmit={[Function]}
  >
    <div
      className="w-full flex flex-col justify-start"
    >
      <label
        className="text-lg"
        htmlFor="cardType"
      >
        Supported Card types
      </label>
      <div
        className="flex flex-row items-center justify-start "
      >
        <button
          className="block w-1/2 p-2 border border-Accent rounded rounded-tr-none rounded-br-none text-blue-400"
          onClick={[Function]}
        >
          Visa
        </button>
        <button
          className="block w-1/2 p-2 border border-Accent rounded rounded-tl-none rounded-bl-none bg-blue-100 text-Accent"
          onClick={[Function]}
        >
          MasterCard
        </button>
      </div>
      <div
        className="mt-4"
      >
        <label
          className="text-lg"
          htmlFor="cardNumber"
        >
          Card Number
        </label>
        <input
          className="block w-full p-2  bg-white rounded border border-Accent focus:border-red-500 outline-none"
          id="cardNumber"
          maxLength="14"
          onChange={[Function]}
          pattern="[0-9]{14}"
          placeholder="**************"
          title="Card number must be 14 digits"
          type="number"
          value=""
        />
      </div>
      <div
        className="flex flex-wrap mt-4"
      >
        <div
          className="w-1/2 pr-2"
        >
          <label
            className="text-lg"
            htmlFor="expiryDate mb-2"
          >
            Expiry Date
          </label>
          <input
            className="block w-full p-2 bg-white rounded border border-Accent focus:border-red-500 outline-none"
            id="expiryDate"
            onChange={[Function]}
            placeholder="MM/YY"
            type="text"
            value=""
          />
        </div>
        <div
          className="w-1/2 pl-2"
        >
          <label
            className="text-lg"
            htmlFor="cvv"
          >
            CVV Code
          </label>
          <input
            className="block w-full p-2 bg-white rounded border border-Accent focus:border-red-500 outline-none"
            id="cvv"
            maxLength={3}
            onChange={[Function]}
            pattern="[0-9]{3}"
            placeholder="***"
            title="CVV number must be 3 digits"
            type="number"
            value=""
          />
        </div>
      </div>
      <div
        className="mt-4"
      >
        <label
          className="text-lg"
          htmlFor="nameOnCard"
        >
          Name on Card
        </label>
        <input
          className="block w-full p-2 bg-white rounded border border-Accent focus:border-red-500 outline-none"
          id="nameOnCard"
          onChange={[Function]}
          placeholder="Name On Card"
          type="text"
          value=""
        />
      </div>
    </div>
    <div
      className="w-full flex flex-col justify-start"
    >
      <div
        className=""
      >
        <label
          className="text-lg"
          htmlFor="country"
        >
          Country
        </label>
        <div
          className=" css-b62m3t-container"
          id="country"
          onKeyDown={[Function]}
        >
          <span
            className="css-1f43avz-a11yText-A11yText"
            id="react-select-2-live-region"
          />
          <span
            aria-atomic="false"
            aria-live="polite"
            aria-relevant="additions text"
            className="css-1f43avz-a11yText-A11yText"
            role="log"
          />
          <div
            className=" css-13cymwt-control"
            onMouseDown={[Function]}
            onTouchEnd={[Function]}
          >
            <div
              className=" css-1fdsijx-ValueContainer"
            >
              <div
                className=" css-1jqq78o-placeholder"
                id="react-select-2-placeholder"
              >
                Your Country Name
              </div>
              <div
                className=" css-qbdosj-Input"
                data-value=""
              >
                <input
                  aria-activedescendant=""
                  aria-autocomplete="list"
                  aria-describedby="react-select-2-placeholder"
                  aria-expanded={false}
                  aria-haspopup={true}
                  autoCapitalize="none"
                  autoComplete="off"
                  autoCorrect="off"
                  className=""
                  disabled={false}
                  id="react-select-2-input"
                  onBlur={[Function]}
                  onChange={[Function]}
                  onFocus={[Function]}
                  role="combobox"
                  spellCheck="false"
                  style={
                    Object {
                      "background": 0,
                      "border": 0,
                      "color": "inherit",
                      "font": "inherit",
                      "gridArea": "1 / 2",
                      "label": "input",
                      "margin": 0,
                      "minWidth": "2px",
                      "opacity": 1,
                      "outline": 0,
                      "padding": 0,
                      "width": "100%",
                    }
                  }
                  tabIndex={0}
                  type="text"
                  value=""
                />
              </div>
            </div>
            <div
              className=" css-1hb7zxy-IndicatorsContainer"
            >
              <span
                className=" css-1u9des2-indicatorSeparator"
              />
              <div
                aria-hidden="true"
                className=" css-1xc3v61-indicatorContainer"
                onMouseDown={[Function]}
                onTouchEnd={[Function]}
              >
                <svg
                  aria-hidden="true"
                  className="css-tj5bde-Svg"
                  focusable="false"
                  height={20}
                  viewBox="0 0 20 20"
                  width={20}
                >
                  <path
                    d="M4.516 7.548c0.436-0.446 1.043-0.481 1.576 0l3.908 3.747 3.908-3.747c0.533-0.481 1.141-0.446 1.574 0 0.436 0.445 0.408 1.197 0 1.615-0.406 0.418-4.695 4.502-4.695 4.502-0.217 0.223-0.502 0.335-0.787 0.335s-0.57-0.112-0.789-0.335c0 0-4.287-4.084-4.695-4.502s-0.436-1.17 0-1.615z"
                  />
                </svg>
              </div>
            </div>
          </div>
        </div>
      </div>
      <div
        className="mt-4"
      >
        <label
          className="text-lg"
          htmlFor="zipCode"
        >
          Zip Code
        </label>
        <input
          className="block w-full p-2 bg-white rounded border border-Accent focus:border-red-500 outline-none"
          id="zipCode"
          onChange={[Function]}
          placeholder="*********"
          type="text"
          value=""
        />
      </div>
      <div
        className="mt-4"
      >
        <label
          className="text-lg"
          htmlFor="city"
        >
          City
        </label>
        <input
          className="block w-full p-2 bg-white rounded border border-Accent focus:border-red-500 outline-none"
          id="city"
          onChange={[Function]}
          placeholder="Your City Name"
          type="text"
          value=""
        />
      </div>
      <div
        className="mt-4"
      >
        <label
          className="text-lg"
          htmlFor="address"
        >
          Address
        </label>
        <input
          className="block w-full p-2 bg-white rounded border border-Accent focus:border-red-500 outline-none"
          id="address"
          onChange={[Function]}
          placeholder="Your Address"
          type="text"
          value=""
        />
      </div>
    </div>
  </form>
  <div>
    <button
      className="w-32 p-2 bg-Accent text-NeutralBlack font-bold rounded mt-8"
      type="submit"
    >
      Add Card
    </button>
  </div>
</div>
`;
