// Jest Snapshot v1, https://goo.gl/fbAQLP

exports[`renders correctly 1`] = `
<div>
  <button
    className="button-container bg-Accent dark:bg-Dark_Accent rounded-md w-36 h-14 sm:w-52 sm:h-12 lg:w-64 lg:h-14 hover:bg-NeutralWhite"
    data-testid="booking-button"
  >
    <a
      className="text-xs sm:text-base lg:text-xl text-NeutralBlack dark:text-NeutralWhite uppercase font-semibold font-poppins"
      href="/booking"
      onClick={[Function]}
      onMouseEnter={[Function]}
      onTouchStart={[Function]}
    >
      Book An Appointment
    </a>
  </button>
</div>
`;
