// Jest Snapshot v1, https://goo.gl/fbAQLP

exports[`renders correctly 1`] = `
<form>
  <fieldset
    className="form-control w-96 mt-2"
  >
    <div
      className="relative flex flex-row mr-[-2rem]"
    >
      <input
        className="input input-bordered cursor-text border-[#718096] border-solid w-4/5 outline-none focus:outline-none"
        onChange={[Function]}
        onKeyDown={[Function]}
        placeholder="Enter your e-mail"
        type="text"
        value=""
      />
      <span
        className="w-20 -ml-2 cursor-pointer"
        onClick={[Function]}
      >
        <svg
          fill="none"
          viewBox="0 0 100 100"
          width="100%"
          xmlns="http://www.w3.org/2000/svg"
        >
          <path
            d="M1 1H54C56.7614 1 59 3.23858 59 6V54C59 56.7614 56.7614 59 54 59H1V1Z"
            fill="#99B4DF"
            id="subscribe"
            stroke="#718096"
            strokeWidth="2"
          />
          <path
            d="M29.6327 30.3673L25.0421 32.5401C24.5997 32.7861 24.053 32.7438 23.6538 32.4325L17.4862 27.7498C16.6922 27.1308 16.9078 25.8769 17.8628 25.5585L40.3377 18.0669C41.3237 17.7382 42.2618 18.6763 41.9331 19.6623L34.4415 42.1372C34.1231 43.0922 32.8691 43.3078 32.2502 42.5138L27.5675 36.3462C27.2562 35.947 27.2139 35.4003 27.4599 34.9579L29.6327 30.3673Z"
            fill="#1A1A1A"
          />
           
        </svg>
      </span>
    </div>
  </fieldset>
</form>
`;
