// Jest Snapshot v1, https://goo.gl/fbAQLP

exports[`renders correctly 1`] = `
<div
  className="bg-Primary dark:bg-Dark_Primary pb-16 w-full"
>
  <h1
    className="mx-6 mt-4 mb-6 text-base md:mb-4 md:text-3xl md:mx-9 md:mt-10 font-poppins uppercase font-medium inline-block dark:text-NeutralWhite text-NeutralBlack"
  >
    RECENT BLOGS
  </h1>
  <div
    className="px-20"
  >
    <div
      className="slick-slider slick-initialized"
      dir="ltr"
    >
      <div
        className="custom-arrow-l"
        onClick={[Function]}
      >
        <svg
          color="black"
          fill="currentColor"
          height={30}
          stroke="currentColor"
          strokeWidth="0"
          style={
            Object {
              "color": "black",
            }
          }
          version="1.1"
          viewBox="0 0 17 17"
          width={30}
          xmlns="http://www.w3.org/2000/svg"
        >
          <g />
          <path
            d="M5.207 8.471l7.146 7.147-0.707 0.707-7.853-7.854 7.854-7.853 0.707 0.707-7.147 7.146z"
          />
        </svg>
      </div>
      <div
        className="slick-list"
        onClick={[Function]}
        onKeyDown={[Function]}
        onMouseDown={[Function]}
        onMouseLeave={null}
        onMouseMove={null}
        onMouseUp={[Function]}
        onTouchCancel={null}
        onTouchEnd={[Function]}
        onTouchMove={null}
        onTouchStart={[Function]}
        style={Object {}}
      >
        <div
          className="slick-track"
          onMouseEnter={[Function]}
          onMouseLeave={[Function]}
          onMouseOver={[Function]}
          style={
            Object {
              "WebkitTransform": "translate3d(0px, 0px, 0px)",
              "WebkitTransition": "",
              "msTransform": "translateX(0px)",
              "opacity": 1,
              "transform": "translate3d(0px, 0px, 0px)",
              "transition": "",
            }
          }
        >
          <div
            aria-hidden={true}
            className="slick-slide slick-cloned"
            data-index={-3}
            onClick={[Function]}
            style={
              Object {
                "width": 0,
              }
            }
            tabIndex="-1"
          >
            <div>
              <a
                href="/blogs/4"
                onClick={[Function]}
                onMouseEnter={[Function]}
                onTouchStart={[Function]}
                style={
                  Object {
                    "display": "inline-block",
                    "width": "100%",
                  }
                }
                tabIndex={-1}
              >
                <div
                  className="relative px-2 md:mx-4 lg:mx-2 2xl:mx-10"
                  style={
                    Object {
                      "aspectRatio": "16/9",
                    }
                  }
                >
                  <img
                    alt="therapists"
                    className="filter brightness-50"
                    data-nimg="fill"
                    decoding="async"
                    loading="lazy"
                    onError={[Function]}
                    onLoad={[Function]}
                    sizes="100vw"
                    src="/_next/image?url=%2FimageURL4.jpg&w=3840&q=75"
                    srcSet="/_next/image?url=%2FimageURL4.jpg&w=640&q=75 640w, /_next/image?url=%2FimageURL4.jpg&w=750&q=75 750w, /_next/image?url=%2FimageURL4.jpg&w=828&q=75 828w, /_next/image?url=%2FimageURL4.jpg&w=1080&q=75 1080w, /_next/image?url=%2FimageURL4.jpg&w=1200&q=75 1200w, /_next/image?url=%2FimageURL4.jpg&w=1920&q=75 1920w, /_next/image?url=%2FimageURL4.jpg&w=2048&q=75 2048w, /_next/image?url=%2FimageURL4.jpg&w=3840&q=75 3840w"
                    style={
                      Object {
                        "bottom": 0,
                        "color": "transparent",
                        "height": "100%",
                        "left": 0,
                        "objectFit": "cover",
                        "objectPosition": undefined,
                        "position": "absolute",
                        "right": 0,
                        "top": 0,
                        "width": "100%",
                      }
                    }
                  />
                  <div
                    className="absolute inset-0 flex flex-col items-center justify-center px-6 md:px-16 lg:px-4"
                  >
                    <h1
                      className="text-Primary dark:text-Dark_NeutralWhite text-base text-center md:text-2xl font-normal font-poppins"
                    >
                      Blog 4
                    </h1>
                    <h1
                      className="text-white text-xs text-center md:text-sm font-normal font-poppins"
                    >
                      Subtitle 4
                    </h1>
                  </div>
                </div>
              </a>
            </div>
          </div>
          <div
            aria-hidden={true}
            className="slick-slide slick-cloned"
            data-index={-2}
            onClick={[Function]}
            style={
              Object {
                "width": 0,
              }
            }
            tabIndex="-1"
          >
            <div>
              <a
                href="/blogs/5"
                onClick={[Function]}
                onMouseEnter={[Function]}
                onTouchStart={[Function]}
                style={
                  Object {
                    "display": "inline-block",
                    "width": "100%",
                  }
                }
                tabIndex={-1}
              >
                <div
                  className="relative px-2 md:mx-4 lg:mx-2 2xl:mx-10"
                  style={
                    Object {
                      "aspectRatio": "16/9",
                    }
                  }
                >
                  <img
                    alt="therapists"
                    className="filter brightness-50"
                    data-nimg="fill"
                    decoding="async"
                    loading="lazy"
                    onError={[Function]}
                    onLoad={[Function]}
                    sizes="100vw"
                    src="/_next/image?url=%2FimageURL5.jpg&w=3840&q=75"
                    srcSet="/_next/image?url=%2FimageURL5.jpg&w=640&q=75 640w, /_next/image?url=%2FimageURL5.jpg&w=750&q=75 750w, /_next/image?url=%2FimageURL5.jpg&w=828&q=75 828w, /_next/image?url=%2FimageURL5.jpg&w=1080&q=75 1080w, /_next/image?url=%2FimageURL5.jpg&w=1200&q=75 1200w, /_next/image?url=%2FimageURL5.jpg&w=1920&q=75 1920w, /_next/image?url=%2FimageURL5.jpg&w=2048&q=75 2048w, /_next/image?url=%2FimageURL5.jpg&w=3840&q=75 3840w"
                    style={
                      Object {
                        "bottom": 0,
                        "color": "transparent",
                        "height": "100%",
                        "left": 0,
                        "objectFit": "cover",
                        "objectPosition": undefined,
                        "position": "absolute",
                        "right": 0,
                        "top": 0,
                        "width": "100%",
                      }
                    }
                  />
                  <div
                    className="absolute inset-0 flex flex-col items-center justify-center px-6 md:px-16 lg:px-4"
                  >
                    <h1
                      className="text-Primary dark:text-Dark_NeutralWhite text-base text-center md:text-2xl font-normal font-poppins"
                    >
                      Blog 5
                    </h1>
                    <h1
                      className="text-white text-xs text-center md:text-sm font-normal font-poppins"
                    >
                      Subtitle 5
                    </h1>
                  </div>
                </div>
              </a>
            </div>
          </div>
          <div
            aria-hidden={true}
            className="slick-slide slick-cloned"
            data-index={-1}
            onClick={[Function]}
            style={
              Object {
                "width": 0,
              }
            }
            tabIndex="-1"
          >
            <div>
              <a
                href="/blogs/6"
                onClick={[Function]}
                onMouseEnter={[Function]}
                onTouchStart={[Function]}
                style={
                  Object {
                    "display": "inline-block",
                    "width": "100%",
                  }
                }
                tabIndex={-1}
              >
                <div
                  className="relative px-2 md:mx-4 lg:mx-2 2xl:mx-10"
                  style={
                    Object {
                      "aspectRatio": "16/9",
                    }
                  }
                >
                  <img
                    alt="therapists"
                    className="filter brightness-50"
                    data-nimg="fill"
                    decoding="async"
                    loading="lazy"
                    onError={[Function]}
                    onLoad={[Function]}
                    sizes="100vw"
                    src="/_next/image?url=%2FimageURL6.jpg&w=3840&q=75"
                    srcSet="/_next/image?url=%2FimageURL6.jpg&w=640&q=75 640w, /_next/image?url=%2FimageURL6.jpg&w=750&q=75 750w, /_next/image?url=%2FimageURL6.jpg&w=828&q=75 828w, /_next/image?url=%2FimageURL6.jpg&w=1080&q=75 1080w, /_next/image?url=%2FimageURL6.jpg&w=1200&q=75 1200w, /_next/image?url=%2FimageURL6.jpg&w=1920&q=75 1920w, /_next/image?url=%2FimageURL6.jpg&w=2048&q=75 2048w, /_next/image?url=%2FimageURL6.jpg&w=3840&q=75 3840w"
                    style={
                      Object {
                        "bottom": 0,
                        "color": "transparent",
                        "height": "100%",
                        "left": 0,
                        "objectFit": "cover",
                        "objectPosition": undefined,
                        "position": "absolute",
                        "right": 0,
                        "top": 0,
                        "width": "100%",
                      }
                    }
                  />
                  <div
                    className="absolute inset-0 flex flex-col items-center justify-center px-6 md:px-16 lg:px-4"
                  >
                    <h1
                      className="text-Primary dark:text-Dark_NeutralWhite text-base text-center md:text-2xl font-normal font-poppins"
                    >
                      Blog 6
                    </h1>
                    <h1
                      className="text-white text-xs text-center md:text-sm font-normal font-poppins"
                    >
                      Subtitle 6
                    </h1>
                  </div>
                </div>
              </a>
            </div>
          </div>
          <div
            aria-hidden={false}
            className="slick-slide slick-active slick-current"
            data-index={0}
            onClick={[Function]}
            style={
              Object {
                "outline": "none",
                "width": 0,
              }
            }
            tabIndex="-1"
          >
            <div>
              <a
                href="/blogs/1"
                onClick={[Function]}
                onMouseEnter={[Function]}
                onTouchStart={[Function]}
                style={
                  Object {
                    "display": "inline-block",
                    "width": "100%",
                  }
                }
                tabIndex={-1}
              >
                <div
                  className="relative px-2 md:mx-4 lg:mx-2 2xl:mx-10"
                  style={
                    Object {
                      "aspectRatio": "16/9",
                    }
                  }
                >
                  <img
                    alt="therapists"
                    className="filter brightness-50"
                    data-nimg="fill"
                    decoding="async"
                    loading="lazy"
                    onError={[Function]}
                    onLoad={[Function]}
                    sizes="100vw"
                    src="/_next/image?url=%2FimageURL1.jpg&w=3840&q=75"
                    srcSet="/_next/image?url=%2FimageURL1.jpg&w=640&q=75 640w, /_next/image?url=%2FimageURL1.jpg&w=750&q=75 750w, /_next/image?url=%2FimageURL1.jpg&w=828&q=75 828w, /_next/image?url=%2FimageURL1.jpg&w=1080&q=75 1080w, /_next/image?url=%2FimageURL1.jpg&w=1200&q=75 1200w, /_next/image?url=%2FimageURL1.jpg&w=1920&q=75 1920w, /_next/image?url=%2FimageURL1.jpg&w=2048&q=75 2048w, /_next/image?url=%2FimageURL1.jpg&w=3840&q=75 3840w"
                    style={
                      Object {
                        "bottom": 0,
                        "color": "transparent",
                        "height": "100%",
                        "left": 0,
                        "objectFit": "cover",
                        "objectPosition": undefined,
                        "position": "absolute",
                        "right": 0,
                        "top": 0,
                        "width": "100%",
                      }
                    }
                  />
                  <div
                    className="absolute inset-0 flex flex-col items-center justify-center px-6 md:px-16 lg:px-4"
                  >
                    <h1
                      className="text-Primary dark:text-Dark_NeutralWhite text-base text-center md:text-2xl font-normal font-poppins"
                    >
                      Blog 1
                    </h1>
                    <h1
                      className="text-white text-xs text-center md:text-sm font-normal font-poppins"
                    >
                      Subtitle 1
                    </h1>
                  </div>
                </div>
              </a>
            </div>
          </div>
          <div
            aria-hidden={false}
            className="slick-slide slick-active"
            data-index={1}
            onClick={[Function]}
            style={
              Object {
                "outline": "none",
                "width": 0,
              }
            }
            tabIndex="-1"
          >
            <div>
              <a
                href="/blogs/2"
                onClick={[Function]}
                onMouseEnter={[Function]}
                onTouchStart={[Function]}
                style={
                  Object {
                    "display": "inline-block",
                    "width": "100%",
                  }
                }
                tabIndex={-1}
              >
                <div
                  className="relative px-2 md:mx-4 lg:mx-2 2xl:mx-10"
                  style={
                    Object {
                      "aspectRatio": "16/9",
                    }
                  }
                >
                  <img
                    alt="therapists"
                    className="filter brightness-50"
                    data-nimg="fill"
                    decoding="async"
                    loading="lazy"
                    onError={[Function]}
                    onLoad={[Function]}
                    sizes="100vw"
                    src="/_next/image?url=%2FimageURL2.jpg&w=3840&q=75"
                    srcSet="/_next/image?url=%2FimageURL2.jpg&w=640&q=75 640w, /_next/image?url=%2FimageURL2.jpg&w=750&q=75 750w, /_next/image?url=%2FimageURL2.jpg&w=828&q=75 828w, /_next/image?url=%2FimageURL2.jpg&w=1080&q=75 1080w, /_next/image?url=%2FimageURL2.jpg&w=1200&q=75 1200w, /_next/image?url=%2FimageURL2.jpg&w=1920&q=75 1920w, /_next/image?url=%2FimageURL2.jpg&w=2048&q=75 2048w, /_next/image?url=%2FimageURL2.jpg&w=3840&q=75 3840w"
                    style={
                      Object {
                        "bottom": 0,
                        "color": "transparent",
                        "height": "100%",
                        "left": 0,
                        "objectFit": "cover",
                        "objectPosition": undefined,
                        "position": "absolute",
                        "right": 0,
                        "top": 0,
                        "width": "100%",
                      }
                    }
                  />
                  <div
                    className="absolute inset-0 flex flex-col items-center justify-center px-6 md:px-16 lg:px-4"
                  >
                    <h1
                      className="text-Primary dark:text-Dark_NeutralWhite text-base text-center md:text-2xl font-normal font-poppins"
                    >
                      Blog 2
                    </h1>
                    <h1
                      className="text-white text-xs text-center md:text-sm font-normal font-poppins"
                    >
                      Subtitle 2
                    </h1>
                  </div>
                </div>
              </a>
            </div>
          </div>
          <div
            aria-hidden={false}
            className="slick-slide slick-active"
            data-index={2}
            onClick={[Function]}
            style={
              Object {
                "outline": "none",
                "width": 0,
              }
            }
            tabIndex="-1"
          >
            <div>
              <a
                href="/blogs/3"
                onClick={[Function]}
                onMouseEnter={[Function]}
                onTouchStart={[Function]}
                style={
                  Object {
                    "display": "inline-block",
                    "width": "100%",
                  }
                }
                tabIndex={-1}
              >
                <div
                  className="relative px-2 md:mx-4 lg:mx-2 2xl:mx-10"
                  style={
                    Object {
                      "aspectRatio": "16/9",
                    }
                  }
                >
                  <img
                    alt="therapists"
                    className="filter brightness-50"
                    data-nimg="fill"
                    decoding="async"
                    loading="lazy"
                    onError={[Function]}
                    onLoad={[Function]}
                    sizes="100vw"
                    src="/_next/image?url=%2FimageURL3.jpg&w=3840&q=75"
                    srcSet="/_next/image?url=%2FimageURL3.jpg&w=640&q=75 640w, /_next/image?url=%2FimageURL3.jpg&w=750&q=75 750w, /_next/image?url=%2FimageURL3.jpg&w=828&q=75 828w, /_next/image?url=%2FimageURL3.jpg&w=1080&q=75 1080w, /_next/image?url=%2FimageURL3.jpg&w=1200&q=75 1200w, /_next/image?url=%2FimageURL3.jpg&w=1920&q=75 1920w, /_next/image?url=%2FimageURL3.jpg&w=2048&q=75 2048w, /_next/image?url=%2FimageURL3.jpg&w=3840&q=75 3840w"
                    style={
                      Object {
                        "bottom": 0,
                        "color": "transparent",
                        "height": "100%",
                        "left": 0,
                        "objectFit": "cover",
                        "objectPosition": undefined,
                        "position": "absolute",
                        "right": 0,
                        "top": 0,
                        "width": "100%",
                      }
                    }
                  />
                  <div
                    className="absolute inset-0 flex flex-col items-center justify-center px-6 md:px-16 lg:px-4"
                  >
                    <h1
                      className="text-Primary dark:text-Dark_NeutralWhite text-base text-center md:text-2xl font-normal font-poppins"
                    >
                      Blog 3
                    </h1>
                    <h1
                      className="text-white text-xs text-center md:text-sm font-normal font-poppins"
                    >
                      Subtitle 3
                    </h1>
                  </div>
                </div>
              </a>
            </div>
          </div>
          <div
            aria-hidden={true}
            className="slick-slide"
            data-index={3}
            onClick={[Function]}
            style={
              Object {
                "outline": "none",
                "width": 0,
              }
            }
            tabIndex="-1"
          >
            <div>
              <a
                href="/blogs/4"
                onClick={[Function]}
                onMouseEnter={[Function]}
                onTouchStart={[Function]}
                style={
                  Object {
                    "display": "inline-block",
                    "width": "100%",
                  }
                }
                tabIndex={-1}
              >
                <div
                  className="relative px-2 md:mx-4 lg:mx-2 2xl:mx-10"
                  style={
                    Object {
                      "aspectRatio": "16/9",
                    }
                  }
                >
                  <img
                    alt="therapists"
                    className="filter brightness-50"
                    data-nimg="fill"
                    decoding="async"
                    loading="lazy"
                    onError={[Function]}
                    onLoad={[Function]}
                    sizes="100vw"
                    src="/_next/image?url=%2FimageURL4.jpg&w=3840&q=75"
                    srcSet="/_next/image?url=%2FimageURL4.jpg&w=640&q=75 640w, /_next/image?url=%2FimageURL4.jpg&w=750&q=75 750w, /_next/image?url=%2FimageURL4.jpg&w=828&q=75 828w, /_next/image?url=%2FimageURL4.jpg&w=1080&q=75 1080w, /_next/image?url=%2FimageURL4.jpg&w=1200&q=75 1200w, /_next/image?url=%2FimageURL4.jpg&w=1920&q=75 1920w, /_next/image?url=%2FimageURL4.jpg&w=2048&q=75 2048w, /_next/image?url=%2FimageURL4.jpg&w=3840&q=75 3840w"
                    style={
                      Object {
                        "bottom": 0,
                        "color": "transparent",
                        "height": "100%",
                        "left": 0,
                        "objectFit": "cover",
                        "objectPosition": undefined,
                        "position": "absolute",
                        "right": 0,
                        "top": 0,
                        "width": "100%",
                      }
                    }
                  />
                  <div
                    className="absolute inset-0 flex flex-col items-center justify-center px-6 md:px-16 lg:px-4"
                  >
                    <h1
                      className="text-Primary dark:text-Dark_NeutralWhite text-base text-center md:text-2xl font-normal font-poppins"
                    >
                      Blog 4
                    </h1>
                    <h1
                      className="text-white text-xs text-center md:text-sm font-normal font-poppins"
                    >
                      Subtitle 4
                    </h1>
                  </div>
                </div>
              </a>
            </div>
          </div>
          <div
            aria-hidden={true}
            className="slick-slide"
            data-index={4}
            onClick={[Function]}
            style={
              Object {
                "outline": "none",
                "width": 0,
              }
            }
            tabIndex="-1"
          >
            <div>
              <a
                href="/blogs/5"
                onClick={[Function]}
                onMouseEnter={[Function]}
                onTouchStart={[Function]}
                style={
                  Object {
                    "display": "inline-block",
                    "width": "100%",
                  }
                }
                tabIndex={-1}
              >
                <div
                  className="relative px-2 md:mx-4 lg:mx-2 2xl:mx-10"
                  style={
                    Object {
                      "aspectRatio": "16/9",
                    }
                  }
                >
                  <img
                    alt="therapists"
                    className="filter brightness-50"
                    data-nimg="fill"
                    decoding="async"
                    loading="lazy"
                    onError={[Function]}
                    onLoad={[Function]}
                    sizes="100vw"
                    src="/_next/image?url=%2FimageURL5.jpg&w=3840&q=75"
                    srcSet="/_next/image?url=%2FimageURL5.jpg&w=640&q=75 640w, /_next/image?url=%2FimageURL5.jpg&w=750&q=75 750w, /_next/image?url=%2FimageURL5.jpg&w=828&q=75 828w, /_next/image?url=%2FimageURL5.jpg&w=1080&q=75 1080w, /_next/image?url=%2FimageURL5.jpg&w=1200&q=75 1200w, /_next/image?url=%2FimageURL5.jpg&w=1920&q=75 1920w, /_next/image?url=%2FimageURL5.jpg&w=2048&q=75 2048w, /_next/image?url=%2FimageURL5.jpg&w=3840&q=75 3840w"
                    style={
                      Object {
                        "bottom": 0,
                        "color": "transparent",
                        "height": "100%",
                        "left": 0,
                        "objectFit": "cover",
                        "objectPosition": undefined,
                        "position": "absolute",
                        "right": 0,
                        "top": 0,
                        "width": "100%",
                      }
                    }
                  />
                  <div
                    className="absolute inset-0 flex flex-col items-center justify-center px-6 md:px-16 lg:px-4"
                  >
                    <h1
                      className="text-Primary dark:text-Dark_NeutralWhite text-base text-center md:text-2xl font-normal font-poppins"
                    >
                      Blog 5
                    </h1>
                    <h1
                      className="text-white text-xs text-center md:text-sm font-normal font-poppins"
                    >
                      Subtitle 5
                    </h1>
                  </div>
                </div>
              </a>
            </div>
          </div>
          <div
            aria-hidden={true}
            className="slick-slide"
            data-index={5}
            onClick={[Function]}
            style={
              Object {
                "outline": "none",
                "width": 0,
              }
            }
            tabIndex="-1"
          >
            <div>
              <a
                href="/blogs/6"
                onClick={[Function]}
                onMouseEnter={[Function]}
                onTouchStart={[Function]}
                style={
                  Object {
                    "display": "inline-block",
                    "width": "100%",
                  }
                }
                tabIndex={-1}
              >
                <div
                  className="relative px-2 md:mx-4 lg:mx-2 2xl:mx-10"
                  style={
                    Object {
                      "aspectRatio": "16/9",
                    }
                  }
                >
                  <img
                    alt="therapists"
                    className="filter brightness-50"
                    data-nimg="fill"
                    decoding="async"
                    loading="lazy"
                    onError={[Function]}
                    onLoad={[Function]}
                    sizes="100vw"
                    src="/_next/image?url=%2FimageURL6.jpg&w=3840&q=75"
                    srcSet="/_next/image?url=%2FimageURL6.jpg&w=640&q=75 640w, /_next/image?url=%2FimageURL6.jpg&w=750&q=75 750w, /_next/image?url=%2FimageURL6.jpg&w=828&q=75 828w, /_next/image?url=%2FimageURL6.jpg&w=1080&q=75 1080w, /_next/image?url=%2FimageURL6.jpg&w=1200&q=75 1200w, /_next/image?url=%2FimageURL6.jpg&w=1920&q=75 1920w, /_next/image?url=%2FimageURL6.jpg&w=2048&q=75 2048w, /_next/image?url=%2FimageURL6.jpg&w=3840&q=75 3840w"
                    style={
                      Object {
                        "bottom": 0,
                        "color": "transparent",
                        "height": "100%",
                        "left": 0,
                        "objectFit": "cover",
                        "objectPosition": undefined,
                        "position": "absolute",
                        "right": 0,
                        "top": 0,
                        "width": "100%",
                      }
                    }
                  />
                  <div
                    className="absolute inset-0 flex flex-col items-center justify-center px-6 md:px-16 lg:px-4"
                  >
                    <h1
                      className="text-Primary dark:text-Dark_NeutralWhite text-base text-center md:text-2xl font-normal font-poppins"
                    >
                      Blog 6
                    </h1>
                    <h1
                      className="text-white text-xs text-center md:text-sm font-normal font-poppins"
                    >
                      Subtitle 6
                    </h1>
                  </div>
                </div>
              </a>
            </div>
          </div>
          <div
            aria-hidden={true}
            className="slick-slide slick-cloned"
            data-index={6}
            onClick={[Function]}
            style={
              Object {
                "width": 0,
              }
            }
            tabIndex="-1"
          >
            <div>
              <a
                href="/blogs/1"
                onClick={[Function]}
                onMouseEnter={[Function]}
                onTouchStart={[Function]}
                style={
                  Object {
                    "display": "inline-block",
                    "width": "100%",
                  }
                }
                tabIndex={-1}
              >
                <div
                  className="relative px-2 md:mx-4 lg:mx-2 2xl:mx-10"
                  style={
                    Object {
                      "aspectRatio": "16/9",
                    }
                  }
                >
                  <img
                    alt="therapists"
                    className="filter brightness-50"
                    data-nimg="fill"
                    decoding="async"
                    loading="lazy"
                    onError={[Function]}
                    onLoad={[Function]}
                    sizes="100vw"
                    src="/_next/image?url=%2FimageURL1.jpg&w=3840&q=75"
                    srcSet="/_next/image?url=%2FimageURL1.jpg&w=640&q=75 640w, /_next/image?url=%2FimageURL1.jpg&w=750&q=75 750w, /_next/image?url=%2FimageURL1.jpg&w=828&q=75 828w, /_next/image?url=%2FimageURL1.jpg&w=1080&q=75 1080w, /_next/image?url=%2FimageURL1.jpg&w=1200&q=75 1200w, /_next/image?url=%2FimageURL1.jpg&w=1920&q=75 1920w, /_next/image?url=%2FimageURL1.jpg&w=2048&q=75 2048w, /_next/image?url=%2FimageURL1.jpg&w=3840&q=75 3840w"
                    style={
                      Object {
                        "bottom": 0,
                        "color": "transparent",
                        "height": "100%",
                        "left": 0,
                        "objectFit": "cover",
                        "objectPosition": undefined,
                        "position": "absolute",
                        "right": 0,
                        "top": 0,
                        "width": "100%",
                      }
                    }
                  />
                  <div
                    className="absolute inset-0 flex flex-col items-center justify-center px-6 md:px-16 lg:px-4"
                  >
                    <h1
                      className="text-Primary dark:text-Dark_NeutralWhite text-base text-center md:text-2xl font-normal font-poppins"
                    >
                      Blog 1
                    </h1>
                    <h1
                      className="text-white text-xs text-center md:text-sm font-normal font-poppins"
                    >
                      Subtitle 1
                    </h1>
                  </div>
                </div>
              </a>
            </div>
          </div>
          <div
            aria-hidden={true}
            className="slick-slide slick-cloned"
            data-index={7}
            onClick={[Function]}
            style={
              Object {
                "width": 0,
              }
            }
            tabIndex="-1"
          >
            <div>
              <a
                href="/blogs/2"
                onClick={[Function]}
                onMouseEnter={[Function]}
                onTouchStart={[Function]}
                style={
                  Object {
                    "display": "inline-block",
                    "width": "100%",
                  }
                }
                tabIndex={-1}
              >
                <div
                  className="relative px-2 md:mx-4 lg:mx-2 2xl:mx-10"
                  style={
                    Object {
                      "aspectRatio": "16/9",
                    }
                  }
                >
                  <img
                    alt="therapists"
                    className="filter brightness-50"
                    data-nimg="fill"
                    decoding="async"
                    loading="lazy"
                    onError={[Function]}
                    onLoad={[Function]}
                    sizes="100vw"
                    src="/_next/image?url=%2FimageURL2.jpg&w=3840&q=75"
                    srcSet="/_next/image?url=%2FimageURL2.jpg&w=640&q=75 640w, /_next/image?url=%2FimageURL2.jpg&w=750&q=75 750w, /_next/image?url=%2FimageURL2.jpg&w=828&q=75 828w, /_next/image?url=%2FimageURL2.jpg&w=1080&q=75 1080w, /_next/image?url=%2FimageURL2.jpg&w=1200&q=75 1200w, /_next/image?url=%2FimageURL2.jpg&w=1920&q=75 1920w, /_next/image?url=%2FimageURL2.jpg&w=2048&q=75 2048w, /_next/image?url=%2FimageURL2.jpg&w=3840&q=75 3840w"
                    style={
                      Object {
                        "bottom": 0,
                        "color": "transparent",
                        "height": "100%",
                        "left": 0,
                        "objectFit": "cover",
                        "objectPosition": undefined,
                        "position": "absolute",
                        "right": 0,
                        "top": 0,
                        "width": "100%",
                      }
                    }
                  />
                  <div
                    className="absolute inset-0 flex flex-col items-center justify-center px-6 md:px-16 lg:px-4"
                  >
                    <h1
                      className="text-Primary dark:text-Dark_NeutralWhite text-base text-center md:text-2xl font-normal font-poppins"
                    >
                      Blog 2
                    </h1>
                    <h1
                      className="text-white text-xs text-center md:text-sm font-normal font-poppins"
                    >
                      Subtitle 2
                    </h1>
                  </div>
                </div>
              </a>
            </div>
          </div>
          <div
            aria-hidden={true}
            className="slick-slide slick-cloned"
            data-index={8}
            onClick={[Function]}
            style={
              Object {
                "width": 0,
              }
            }
            tabIndex="-1"
          >
            <div>
              <a
                href="/blogs/3"
                onClick={[Function]}
                onMouseEnter={[Function]}
                onTouchStart={[Function]}
                style={
                  Object {
                    "display": "inline-block",
                    "width": "100%",
                  }
                }
                tabIndex={-1}
              >
                <div
                  className="relative px-2 md:mx-4 lg:mx-2 2xl:mx-10"
                  style={
                    Object {
                      "aspectRatio": "16/9",
                    }
                  }
                >
                  <img
                    alt="therapists"
                    className="filter brightness-50"
                    data-nimg="fill"
                    decoding="async"
                    loading="lazy"
                    onError={[Function]}
                    onLoad={[Function]}
                    sizes="100vw"
                    src="/_next/image?url=%2FimageURL3.jpg&w=3840&q=75"
                    srcSet="/_next/image?url=%2FimageURL3.jpg&w=640&q=75 640w, /_next/image?url=%2FimageURL3.jpg&w=750&q=75 750w, /_next/image?url=%2FimageURL3.jpg&w=828&q=75 828w, /_next/image?url=%2FimageURL3.jpg&w=1080&q=75 1080w, /_next/image?url=%2FimageURL3.jpg&w=1200&q=75 1200w, /_next/image?url=%2FimageURL3.jpg&w=1920&q=75 1920w, /_next/image?url=%2FimageURL3.jpg&w=2048&q=75 2048w, /_next/image?url=%2FimageURL3.jpg&w=3840&q=75 3840w"
                    style={
                      Object {
                        "bottom": 0,
                        "color": "transparent",
                        "height": "100%",
                        "left": 0,
                        "objectFit": "cover",
                        "objectPosition": undefined,
                        "position": "absolute",
                        "right": 0,
                        "top": 0,
                        "width": "100%",
                      }
                    }
                  />
                  <div
                    className="absolute inset-0 flex flex-col items-center justify-center px-6 md:px-16 lg:px-4"
                  >
                    <h1
                      className="text-Primary dark:text-Dark_NeutralWhite text-base text-center md:text-2xl font-normal font-poppins"
                    >
                      Blog 3
                    </h1>
                    <h1
                      className="text-white text-xs text-center md:text-sm font-normal font-poppins"
                    >
                      Subtitle 3
                    </h1>
                  </div>
                </div>
              </a>
            </div>
          </div>
          <div
            aria-hidden={true}
            className="slick-slide slick-cloned"
            data-index={9}
            onClick={[Function]}
            style={
              Object {
                "width": 0,
              }
            }
            tabIndex="-1"
          >
            <div>
              <a
                href="/blogs/4"
                onClick={[Function]}
                onMouseEnter={[Function]}
                onTouchStart={[Function]}
                style={
                  Object {
                    "display": "inline-block",
                    "width": "100%",
                  }
                }
                tabIndex={-1}
              >
                <div
                  className="relative px-2 md:mx-4 lg:mx-2 2xl:mx-10"
                  style={
                    Object {
                      "aspectRatio": "16/9",
                    }
                  }
                >
                  <img
                    alt="therapists"
                    className="filter brightness-50"
                    data-nimg="fill"
                    decoding="async"
                    loading="lazy"
                    onError={[Function]}
                    onLoad={[Function]}
                    sizes="100vw"
                    src="/_next/image?url=%2FimageURL4.jpg&w=3840&q=75"
                    srcSet="/_next/image?url=%2FimageURL4.jpg&w=640&q=75 640w, /_next/image?url=%2FimageURL4.jpg&w=750&q=75 750w, /_next/image?url=%2FimageURL4.jpg&w=828&q=75 828w, /_next/image?url=%2FimageURL4.jpg&w=1080&q=75 1080w, /_next/image?url=%2FimageURL4.jpg&w=1200&q=75 1200w, /_next/image?url=%2FimageURL4.jpg&w=1920&q=75 1920w, /_next/image?url=%2FimageURL4.jpg&w=2048&q=75 2048w, /_next/image?url=%2FimageURL4.jpg&w=3840&q=75 3840w"
                    style={
                      Object {
                        "bottom": 0,
                        "color": "transparent",
                        "height": "100%",
                        "left": 0,
                        "objectFit": "cover",
                        "objectPosition": undefined,
                        "position": "absolute",
                        "right": 0,
                        "top": 0,
                        "width": "100%",
                      }
                    }
                  />
                  <div
                    className="absolute inset-0 flex flex-col items-center justify-center px-6 md:px-16 lg:px-4"
                  >
                    <h1
                      className="text-Primary dark:text-Dark_NeutralWhite text-base text-center md:text-2xl font-normal font-poppins"
                    >
                      Blog 4
                    </h1>
                    <h1
                      className="text-white text-xs text-center md:text-sm font-normal font-poppins"
                    >
                      Subtitle 4
                    </h1>
                  </div>
                </div>
              </a>
            </div>
          </div>
          <div
            aria-hidden={true}
            className="slick-slide slick-cloned"
            data-index={10}
            onClick={[Function]}
            style={
              Object {
                "width": 0,
              }
            }
            tabIndex="-1"
          >
            <div>
              <a
                href="/blogs/5"
                onClick={[Function]}
                onMouseEnter={[Function]}
                onTouchStart={[Function]}
                style={
                  Object {
                    "display": "inline-block",
                    "width": "100%",
                  }
                }
                tabIndex={-1}
              >
                <div
                  className="relative px-2 md:mx-4 lg:mx-2 2xl:mx-10"
                  style={
                    Object {
                      "aspectRatio": "16/9",
                    }
                  }
                >
                  <img
                    alt="therapists"
                    className="filter brightness-50"
                    data-nimg="fill"
                    decoding="async"
                    loading="lazy"
                    onError={[Function]}
                    onLoad={[Function]}
                    sizes="100vw"
                    src="/_next/image?url=%2FimageURL5.jpg&w=3840&q=75"
                    srcSet="/_next/image?url=%2FimageURL5.jpg&w=640&q=75 640w, /_next/image?url=%2FimageURL5.jpg&w=750&q=75 750w, /_next/image?url=%2FimageURL5.jpg&w=828&q=75 828w, /_next/image?url=%2FimageURL5.jpg&w=1080&q=75 1080w, /_next/image?url=%2FimageURL5.jpg&w=1200&q=75 1200w, /_next/image?url=%2FimageURL5.jpg&w=1920&q=75 1920w, /_next/image?url=%2FimageURL5.jpg&w=2048&q=75 2048w, /_next/image?url=%2FimageURL5.jpg&w=3840&q=75 3840w"
                    style={
                      Object {
                        "bottom": 0,
                        "color": "transparent",
                        "height": "100%",
                        "left": 0,
                        "objectFit": "cover",
                        "objectPosition": undefined,
                        "position": "absolute",
                        "right": 0,
                        "top": 0,
                        "width": "100%",
                      }
                    }
                  />
                  <div
                    className="absolute inset-0 flex flex-col items-center justify-center px-6 md:px-16 lg:px-4"
                  >
                    <h1
                      className="text-Primary dark:text-Dark_NeutralWhite text-base text-center md:text-2xl font-normal font-poppins"
                    >
                      Blog 5
                    </h1>
                    <h1
                      className="text-white text-xs text-center md:text-sm font-normal font-poppins"
                    >
                      Subtitle 5
                    </h1>
                  </div>
                </div>
              </a>
            </div>
          </div>
          <div
            aria-hidden={true}
            className="slick-slide slick-cloned"
            data-index={11}
            onClick={[Function]}
            style={
              Object {
                "width": 0,
              }
            }
            tabIndex="-1"
          >
            <div>
              <a
                href="/blogs/6"
                onClick={[Function]}
                onMouseEnter={[Function]}
                onTouchStart={[Function]}
                style={
                  Object {
                    "display": "inline-block",
                    "width": "100%",
                  }
                }
                tabIndex={-1}
              >
                <div
                  className="relative px-2 md:mx-4 lg:mx-2 2xl:mx-10"
                  style={
                    Object {
                      "aspectRatio": "16/9",
                    }
                  }
                >
                  <img
                    alt="therapists"
                    className="filter brightness-50"
                    data-nimg="fill"
                    decoding="async"
                    loading="lazy"
                    onError={[Function]}
                    onLoad={[Function]}
                    sizes="100vw"
                    src="/_next/image?url=%2FimageURL6.jpg&w=3840&q=75"
                    srcSet="/_next/image?url=%2FimageURL6.jpg&w=640&q=75 640w, /_next/image?url=%2FimageURL6.jpg&w=750&q=75 750w, /_next/image?url=%2FimageURL6.jpg&w=828&q=75 828w, /_next/image?url=%2FimageURL6.jpg&w=1080&q=75 1080w, /_next/image?url=%2FimageURL6.jpg&w=1200&q=75 1200w, /_next/image?url=%2FimageURL6.jpg&w=1920&q=75 1920w, /_next/image?url=%2FimageURL6.jpg&w=2048&q=75 2048w, /_next/image?url=%2FimageURL6.jpg&w=3840&q=75 3840w"
                    style={
                      Object {
                        "bottom": 0,
                        "color": "transparent",
                        "height": "100%",
                        "left": 0,
                        "objectFit": "cover",
                        "objectPosition": undefined,
                        "position": "absolute",
                        "right": 0,
                        "top": 0,
                        "width": "100%",
                      }
                    }
                  />
                  <div
                    className="absolute inset-0 flex flex-col items-center justify-center px-6 md:px-16 lg:px-4"
                  >
                    <h1
                      className="text-Primary dark:text-Dark_NeutralWhite text-base text-center md:text-2xl font-normal font-poppins"
                    >
                      Blog 6
                    </h1>
                    <h1
                      className="text-white text-xs text-center md:text-sm font-normal font-poppins"
                    >
                      Subtitle 6
                    </h1>
                  </div>
                </div>
              </a>
            </div>
          </div>
        </div>
      </div>
      <div
        className="custom-arrow-r"
        onClick={[Function]}
      >
        <svg
          color="black"
          fill="currentColor"
          height={30}
          stroke="currentColor"
          strokeWidth="0"
          style={
            Object {
              "color": "black",
            }
          }
          version="1.1"
          viewBox="0 0 17 17"
          width={30}
          xmlns="http://www.w3.org/2000/svg"
        >
          <g />
          <path
            d="M13.207 8.472l-7.854 7.854-0.707-0.707 7.146-7.146-7.146-7.148 0.707-0.707 7.854 7.854z"
          />
        </svg>
      </div>
    </div>
  </div>
</div>
`;
