// Jest Snapshot v1, https://goo.gl/fbAQLP

exports[`renders correctly 1`] = `
<nav
  style={
    Object {
      "position": "fixed",
      "top": "0px",
      "transition": "top 0.3s ease",
      "width": "100%",
      "zIndex": 1000,
    }
  }
>
  <div
    className="navbar sticky flex justify-between  h-8 top-0 z-10 dark:bg-NeutralBlack dark:backdrop-blur-lg dark:bg-opacity-30 bg-white backdrop-filter backdrop-blur-lg bg-opacity-30 border-b-slate-400"
    dir="ltr"
  >
    <div
      className="navbar-content flex justify-between items-center w-full px-6"
    >
      <div
        className="logo-container -ml-6 lg:px-6"
      >
        <a
          href="/"
          onClick={[Function]}
          onMouseEnter={[Function]}
          onTouchStart={[Function]}
        >
          <img
            alt="Normal Logo"
            data-nimg="1"
            decoding="async"
            height={60}
            loading="lazy"
            onError={[Function]}
            onLoad={[Function]}
            src="/_next/image?url=%2Fimg.jpg&w=256&q=75"
            srcSet="/_next/image?url=%2Fimg.jpg&w=128&q=75 1x, /_next/image?url=%2Fimg.jpg&w=256&q=75 2x"
            style={
              Object {
                "color": "transparent",
              }
            }
            width={120}
          />
        </a>
      </div>
      <div
        className="navbar-menu flex"
      >
        <div
          className="flex justify-end items-center"
        >
          <div
            className="search-icon mr-2"
            onClick={[Function]}
          >
            <svg
              className="w-6 h-6 dark:fill-NeutralWhite"
              fill="currentColor"
              height="1em"
              stroke="currentColor"
              strokeWidth="0"
              style={
                Object {
                  "color": undefined,
                }
              }
              viewBox="0 0 256 256"
              width="1em"
              xmlns="http://www.w3.org/2000/svg"
            >
              <path
                d="M229.66,218.34l-50.07-50.06a88.11,88.11,0,1,0-11.31,11.31l50.06,50.07a8,8,0,0,0,11.32-11.32ZM40,112a72,72,0,1,1,72,72A72.08,72.08,0,0,1,40,112Z"
              />
            </svg>
          </div>
          <div
            className="search-bar"
          >
            <input
              className="input input-bordered input-sm w-full"
              onChange={[Function]}
              placeholder="Type here"
              type="text"
              value=""
            />
          </div>
           
        </div>
        <div
          className="navbar-center justify-end items-end mr-4 hidden lg:flex"
        >
          <ul
            className="menu menu-horizontal"
          >
            <li
              className="text-Accent font-semibold font-poppins text-base tracking-wider text-NeutralBlack font-semibold dark:text-NeutralWhite"
            >
              <a
                href="/"
                onClick={[Function]}
                onMouseEnter={[Function]}
                onTouchStart={[Function]}
              >
                Home
              </a>
            </li>
            <li
              className="text-Accent font-semibold font-poppins text-base tracking-wider text-NeutralBlack font-semibold dark:text-NeutralWhite"
            >
              <a
                href="/blogs"
                onClick={[Function]}
                onMouseEnter={[Function]}
                onTouchStart={[Function]}
              >
                Blogs
              </a>
            </li>
            <li
              className="text-Accent font-semibold font-poppins text-base tracking-wider text-NeutralBlack font-semibold dark:text-NeutralWhite"
            >
              <a
                href="/about"
                onClick={[Function]}
                onMouseEnter={[Function]}
                onTouchStart={[Function]}
              >
                About
              </a>
            </li>
            <li
              className="text-Accent font-semibold font-poppins text-base tracking-wider text-NeutralBlack font-semibold dark:text-NeutralWhite"
            >
              <a
                href="/contact"
                onClick={[Function]}
                onMouseEnter={[Function]}
                onTouchStart={[Function]}
              >
                Contact
              </a>
            </li>
            <button
              className="button-container w-28 h-9 mx-4 md:-mr-4 md:w-40 bg-Accent dark:bg-Dark_Accent dark:hover:bg-Dark_Primary hover-bg-Primary rounded-md"
            >
              <a
                className="text-base tracking-wider text-NeutralBlack dark:text-NeutralWhite font-semibold font-poppins"
                href="/Auth"
                onClick={[Function]}
                onMouseEnter={[Function]}
                onTouchStart={[Function]}
                style={
                  Object {
                    "textTransform": "capitalize",
                  }
                }
              >
                Log In
              </a>
            </button>
          </ul>
        </div>
      </div>
    </div>
  </div>
</nav>
`;
