// Jest Snapshot v1, https://goo.gl/fbAQLP

exports[`renders correctly 1`] = `
<div
  className="navbar h-8 sticky top-0 z-10 bg-white backdrop-filter backdrop-blur-lg bg-opacity-30 border-b-slate-400"
>
  <div
    className="navbar-start"
  >
    <div
      className="dropdown"
    >
      <label
        className="btn btn-ghost md:pl-6 lg:hidden"
        tabIndex={0}
      >
        <svg
          className="h-5 w-5"
          fill="none"
          stroke="currentColor"
          viewBox="0 0 24 24"
          xmlns="http://www.w3.org/2000/svg"
        >
          <path
            d="M4 6h16M4 12h8m-8 6h16"
            strokeLinecap="round"
            strokeLinejoin="round"
            strokeWidth="2"
          />
        </svg>
      </label>
      <ul
        className="menu menu-sm dropdown-content -ml-2 p-2 shadow w-28 mt-2 bg-Primary"
        tabIndex={0}
      >
        <li
          className="text-Accent font-bold underline font-poppins"
        >
          <a
            href="/"
            onClick={[Function]}
            onMouseEnter={[Function]}
            onTouchStart={[Function]}
          >
            Home
          </a>
        </li>
        <li
          className="text-NeutralBlack font-semibold font-poppins"
        >
          <a
            href="/blogs"
            onClick={[Function]}
            onMouseEnter={[Function]}
            onTouchStart={[Function]}
          >
            Blogs
          </a>
        </li>
        <li
          className="text-NeutralBlack font-semibold font-poppins"
        >
          <a
            href="src\\\\pages\\\\about\\\\index.jsx"
            onClick={[Function]}
            onMouseEnter={[Function]}
            onTouchStart={[Function]}
          >
            About
          </a>
        </li>
        <li
          className="text-NeutralBlack font-semibold font-poppins"
        >
          <a
            href="/contact"
            onClick={[Function]}
            onMouseEnter={[Function]}
            onTouchStart={[Function]}
          >
            Contact
          </a>
        </li>
      </ul>
    </div>
    <div
      className="logo-container lg:px-6"
    >
      <a
        href="/"
        onClick={[Function]}
        onMouseEnter={[Function]}
        onTouchStart={[Function]}
      >
        <img
          alt="Logo"
          data-nimg="1"
          decoding="async"
          height={60}
          loading="lazy"
          onError={[Function]}
          onLoad={[Function]}
          src="/_next/image?url=%2Fimg.jpg&w=256&q=75"
          srcSet="/_next/image?url=%2Fimg.jpg&w=128&q=75 1x, /_next/image?url=%2Fimg.jpg&w=256&q=75 2x"
          style={
            Object {
              "color": "transparent",
            }
          }
          width={120}
        />
      </a>
    </div>
  </div>
  <div
    className="flex justify-between ml-auto"
  >
    <div
      className="navbar-center hidden lg:flex"
    >
      <ul
        className="menu menu-horizontal"
      >
        <li
          className="text-Accent font-bold underline font-poppins text-base tracking-wider"
        >
          <a
            href="/"
            onClick={[Function]}
            onMouseEnter={[Function]}
            onTouchStart={[Function]}
          >
            Home
          </a>
        </li>
        <li
          className="text-NeutralBlack font-semibold font-poppins text-base tracking-wider "
        >
          <a
            href="/blogs"
            onClick={[Function]}
            onMouseEnter={[Function]}
            onTouchStart={[Function]}
          >
            Blogs
          </a>
        </li>
        <li
          className="text-NeutralBlack font-semibold font-poppins text-base tracking-wider "
        >
          <a
            href="/about"
            onClick={[Function]}
            onMouseEnter={[Function]}
            onTouchStart={[Function]}
          >
            About
          </a>
        </li>
        <li
          className="text-NeutralBlack font-semibold font-poppins text-base tracking-wider"
        >
          <a
            href="/contact"
            onClick={[Function]}
            onMouseEnter={[Function]}
            onTouchStart={[Function]}
          >
            Contact
          </a>
        </li>
      </ul>
    </div>
    <button
      className="button-container w-28 h-9 mx-4 md:mr-8 md:w-40 bg-Accent hover:bg-Primary rounded-md"
    >
      <a
        className="text-base tracking-wider text-NeutralBlack font-extrabold font-poppins"
        href="/login"
        onClick={[Function]}
        onMouseEnter={[Function]}
        onTouchStart={[Function]}
        style={
          Object {
            "textTransform": "capitalize",
          }
        }
      >
        Log In
      </a>
    </button>
  </div>
</div>
`;
