// Jest Snapshot v1, https://goo.gl/fbAQLP

exports[`renders correctly 1`] = `
<div
  className="flex flex-col md:flex-row md:w-full "
>
  <form
    className="flex flex-col w-1/2"
    onSubmit={[Function]}
  >
    <div
      className="pl-4 mb-4 space-y-1 text-xl flex flex-col"
    >
      <label
        htmlFor="Title"
      >
        Title
      </label>
      <input
        className="w-full text-NeutralBlack font-normal text-lg px-4 rounded-md border border-slate-300 bg-white py-3 outline-none "
        id="Title"
        name="title"
        onChange={[Function]}
        type="text"
        value=""
      />
    </div>
    <div
      className="pl-4 mb-4 space-y-1 text-xl flex flex-col"
    >
      <label
        htmlFor="subTitle"
      >
        Subtitle
      </label>
      <input
        className="w-full text-NeutralBlack font-normal text-lg px-4 rounded-md border border-slate-300 bg-white py-3 outline-none "
        id="subTitle"
        name="subTitle"
        onChange={[Function]}
        type="text"
        value=""
      />
    </div>
    <div
      className="pl-4 mb-4 space-y-1 text-xl flex flex-col"
    >
      <label
        htmlFor="Author"
      >
        Author
      </label>
      <input
        className="w-full text-NeutralBlack font-normal text-lg px-4 rounded-md border border-slate-300 bg-white py-3 outline-none "
        id="Author"
        name="author"
        onChange={[Function]}
        type="text"
        value=""
      />
    </div>
    <div
      className="input_file"
    >
      <input
        id="imageURL"
        name="imageURL"
        onChange={[Function]}
        type="file"
      />
    </div>
    <button
      className="w-32 h-10 self-start ml-4 mt-20 rounded-md text-base font-poppins font-regular bg-Accent text-NeutralBlack hover:bg-[#879AB8] hover:text-NeutralWhite hover:scale-105 duration-500"
      onClick={[Function]}
    >
      Submit
    </button>
  </form>
  <div
    className="flex flex-col w-1/2"
  >
    <div
      className="pl-4 mb-4 space-y-1 text-xl flex flex-col"
    >
      <label
        htmlFor="tags"
      >
        Tags
      </label>
      <input
        className="w-full text-NeutralBlack font-normal text-lg px-4 rounded-md border border-slate-300 bg-white py-3 outline-none "
        id="tags"
        name="tags"
        onChange={[Function]}
        onKeyDown={[Function]}
        type="text"
        value=""
      />
      <div />
    </div>
    <div
      className="pl-4 mb-4 h-fit space-y-1 text-xl flex flex-col"
    >
      <span
        className="text-NeutralBlack"
      >
        body
      </span>
      <div>
        <p>
          Loading ...
        </p>
      </div>
    </div>
  </div>
</div>
`;
