// Jest Snapshot v1, https://goo.gl/fbAQLP

exports[`renders correctly 1`] = `
<div
  className="bg-NeutralWhite"
>
  <div
    className="w-full h-[1000px] px-20 bg-zinc-100 "
  >
    <div
      className="pt-12 font-poppins font-extrabold text-NeutralBlack uppercase text-4xl leading-loose"
    >
      lets match you with the right therapist
    </div>
    <div
      className="font-poppins font-extrabold text-justify text-NeutralBlack text-lg leading-relaxed"
    >
      Please fill out this short questionnaire to provide some general and anonymous background about you and the issues youd like to deal with in online therapy. It would help us match you with the most suitable therapist for you.
       
    </div>
    <div
      className="bg-NeutralWhite w-[803px] h-[557px] mx-auto mt-14 shadow-[4.0px_8.0px_8.0px_rgba(0,0,0,0.42)] rounded-lg relative"
    >
      <h3
        className="py-10 pl-11 text-NeutralBlack text-2xl font-bold font-poppins capitalize"
      >
        What type of counseling are you looking for?
      </h3>
      <div
        className="px-6 mx-10 group"
      >
        <h3
          className=" rounded-md pl-5 py-5 cursor-pointer text-NeutralBlack group-hover:text-NeutralWhite group-hover:bg-Accent group-hover:scale-105 duration-300 text-xl font-extrabold font-poppins capitalize"
          onClick={[Function]}
        >
          Individual counseling
        </h3>
      </div>
      <div
        className="px-6 mx-10 mt-2 group"
      >
        <h3
          className="rounded-md pl-5 py-5 cursor-pointer text-NeutralBlack group-hover:text-NeutralWhite group-hover:bg-Accent group-hover:scale-105 duration-300 text-xl font-extrabold font-poppins capitalize"
          onClick={[Function]}
        >
          Teen counseling (for my child)
        </h3>
      </div>
      <div
        className="absolute bottom-0 right-0 pb-10 pr-11 group"
      >
        <button
          className="w-28 h-10 rounded-md text-lg bg-Accent text-NeutralBlack group-hover:bg-[#879AB8] group-hover:text-NeutralWhite group-hover:scale-105 duration-500"
          onClick={[Function]}
        >
          Next
        </button>
      </div>
    </div>
  </div>
</div>
`;
