// Jest Snapshot v1, https://goo.gl/fbAQLP

exports[`renders correctly 1`] = `
<div
  className="bg-NeutralWhite dark:bg-Dark_Accent min-w-screen mb-12"
>
  <div
    className="w-full h-full px-8 lg:px-20 bg-NeutralWhite dark:bg-Dark_Accent "
  >
    <div
      className="mb-3 pt-12 font-ogg font-bold text-NeutralBlack dark:text-NeutralWhite capitalize text-2xl lg:text-4xl leading-normal"
    >
      Let's match you with the right therapist
    </div>
    <div
      className="font-poppins font-regular text-justify text-NeutralBlack dark:text-NeutralWhite text-base lg:text-lg leading-relaxed"
    >
      Please fill out this short questionnaire to provide some general and anonymous background about you and the issues you'd like to deal with in online therapy. It would help us match you with the most suitable therapist for you.
       
    </div>
    <div
      className=" flex flex-col bg-NeutralWhite dark:bg-Dark_Accent lg:w-3/5 lg:h-1/2 sm:w-full sm:h-[80%] sm:leading-tight mx-auto mt-14 shadow-[4.0px_8.0px_8.0px_rgba(0,0,0,0.42)] rounded-lg relative"
    >
      <h3
        className="py-5 px-4 lg:py-10 lg:px-11 leading-normal text-NeutralBlack dark:text-NeutralWhite text-xl lg:text-2xl font-regular font-poppins capitalize "
      >
        Have you been in Therapy before?
      </h3>
      <div
        className="px-3 mx-5 mt-1 lg:px-6 group"
      >
        <h3
          className="rounded-md py-4 shadow-[rgba(0,_0,_0,_0.24)_0px_3px_8px] px-2 lg:px-5 lg:py-5 cursor-pointer text-NeutralBlack dark:text-NeutralWhite  group-hover:text-NeutralWhite  dark:hover:bg-[#3E4E68] group-hover:bg-Accent group-hover:scale-105 duration-300 text-lg lg:text-xl font-regular font-poppins capitalize
                                "
          onClick={[Function]}
        >
          Yes
        </h3>
      </div>
      <div
        className="px-3 mx-5 mt-1 lg:px-6  group"
      >
        <h3
          className="rounded-md py-4 shadow-[rgba(0,_0,_0,_0.24)_0px_3px_8px] px-2 lg:px-5 lg:py-5 cursor-pointer text-NeutralBlack dark:text-NeutralWhite  group-hover:text-NeutralWhite  dark:hover:bg-[#3E4E68] group-hover:bg-Accent group-hover:scale-105 duration-300 text-lg lg:text-xl font-regular font-poppins capitalize
                                "
          onClick={[Function]}
        >
          No
        </h3>
      </div>
      <div
        className="flex justify-between "
      >
        <div
          className=" px-6 py-10 lg:py-10 lg:px-11 group "
        >
          <button
            className="w-28 h-10 rounded-md text-base font-poppins font-regular bg-Accent text-NeutralBlack dark:text-NeutralWhite dark:bg-Dark_Primary dark:hover:bg-[#3E4E68]  hover:bg-[#879AB8] hover:text-NeutralWhite hover:scale-105 duration-500"
          >
            Previous
          </button>
        </div>
        <div
          className=" px-6 py-10 lg:py-10 lg:px-11 group "
        >
          <button
            className="w-28 h-10 rounded-md text-base font-poppins font-regular bg-Accent text-NeutralBlack dark:text-NeutralWhite dark:bg-Dark_Primary dark:hover:bg-[#3E4E68]  hover:bg-[#879AB8] hover:text-NeutralWhite hover:scale-105 duration-500"
            onClick={[Function]}
          >
            Next
          </button>
        </div>
      </div>
    </div>
  </div>
</div>
`;
