// Jest Snapshot v1, https://goo.gl/fbAQLP

exports[`renders correctly 1`] = `
<div
  className="bg-NeutralWhite dark:bg-Dark_Accent min-w-screen mb-12"
>
  <div
    className="w-full h-full px-8 lg:px-20 bg-NeutralWhite dark:bg-Dark_Accent "
  >
    <div
      className="mb-3 pt-12 font-poppins font-semibold tracking-wider text-NeutralBlack dark:text-NeutralWhite capitalize text-2xl lg:text-4xl leading-normal"
    >
      Let's match you with the right therapist
    </div>
    <div
      className="font-poppins font-regular text-justify text-NeutralBlack dark:text-NeutralWhite text-base lg:text-lg leading-relaxed"
    >
      Please fill out this short questionnaire to provide some general and anonymous background about you and the issues you'd like to deal with in online therapy. It would help us match you with the most suitable therapist for you.
    </div>
    <div
      className=" flex flex-col bg-NeutralWhite dark:bg-Dark_Accent lg:w-3/5 lg:h-1/2 sm:w-full sm:h-[80%] sm:leading-tight mx-auto mt-14 shadow-[4.0px_8.0px_8.0px_rgba(0,0,0,0.42)] rounded-lg relative"
    >
      <h3
        className="py-5 px-4 lg:py-10 lg:px-11 leading-normal text-NeutralBlack dark:text-NeutralWhite lg:text-2xl text-2xl font-regular font-poppins capitalize "
      >
        Select a date
      </h3>
      <div
        className="flex flex-col gap-2 md:flex-row lg:justify-between lg:px-11 px-4 items-center "
      >
        <input
          className="date_input w-full md:w-1/2 h-12 rounded-lg text-base bg-white px-4 border border-gray-300 outline-none"
          min=""
          onChange={[Function]}
          type="date"
          value=""
        />
        <select
          className="select maxW select-bordered w-full lg:w-32 md:w-1/2  border border-gray-300 outline-none "
          onChange={[Function]}
          value=""
        >
          <option
            disabled={true}
            value=""
          >
            select time
          </option>
          <option
            className="text-NeutralBlack dark:text-NeutralWhite"
            value="9h00"
          >
            9h00
          </option>
          <option
            className="text-NeutralBlack dark:text-NeutralWhite"
            value="9h30"
          >
            9h30
          </option>
          <option
            className="text-NeutralBlack dark:text-NeutralWhite"
            value="10h00"
          >
            10h00
          </option>
          <option
            className="text-NeutralBlack dark:text-NeutralWhite"
            value="10h30"
          >
            10h30
          </option>
          <option
            className="text-NeutralBlack dark:text-NeutralWhite"
            value="11h00"
          >
            11h00
          </option>
          <option
            className="text-NeutralBlack dark:text-NeutralWhite"
            value="11h30"
          >
            11h30
          </option>
          <option
            className="text-NeutralBlack dark:text-NeutralWhite"
            value="12h00"
          >
            12h00
          </option>
          <option
            className="text-NeutralBlack dark:text-NeutralWhite"
            value="12h30"
          >
            12h30
          </option>
          <option
            className="text-NeutralBlack dark:text-NeutralWhite"
            value="13h00"
          >
            13h00
          </option>
          <option
            className="text-NeutralBlack dark:text-NeutralWhite"
            value="13h30"
          >
            13h30
          </option>
          <option
            className="text-NeutralBlack dark:text-NeutralWhite"
            value="14h00"
          >
            14h00
          </option>
          <option
            className="text-NeutralBlack dark:text-NeutralWhite"
            value="14h30"
          >
            14h30
          </option>
          <option
            className="text-NeutralBlack dark:text-NeutralWhite"
            value="15h00"
          >
            15h00
          </option>
          <option
            className="text-NeutralBlack dark:text-NeutralWhite"
            value="15h30"
          >
            15h30
          </option>
          <option
            className="text-NeutralBlack dark:text-NeutralWhite"
            value="16h00"
          >
            16h00
          </option>
          <option
            className="text-NeutralBlack dark:text-NeutralWhite"
            value="16h30"
          >
            16h30
          </option>
          <option
            className="text-NeutralBlack dark:text-NeutralWhite"
            value="17h00"
          >
            17h00
          </option>
          <option
            className="text-NeutralBlack dark:text-NeutralWhite"
            value="17h30"
          >
            17h30
          </option>
          <option
            className="text-NeutralBlack dark:text-NeutralWhite"
            value="18h00"
          >
            18h00
          </option>
        </select>
      </div>
      <div
        className="flex justify-between "
      >
        <div
          className=" px-6 py-10 lg:py-10 lg:px-11 group "
        >
          <button
            className="w-28 h-10 rounded-md text-base font-poppins font-regular bg-Accent text-NeutralBlack group-hover:bg-[#879AB8] group-hover:text-NeutralWhite group-hover:scale-105 duration-500"
          >
            Previous
          </button>
        </div>
        <div
          className="self-end px-6 py-10 lg:py-10 lg:px-11 group "
        >
          <button
            className="w-28 h-10 rounded-md text-base font-poppins font-regular bg-Accent text-NeutralBlack group-hover:bg-[#879AB8] group-hover:text-NeutralWhite group-hover:scale-105 duration-500"
            onClick={[Function]}
          >
            Next
          </button>
        </div>
      </div>
    </div>
  </div>
</div>
`;
