// Jest Snapshot v1, https://goo.gl/fbAQLP

exports[`renders correctly 1`] = `
<div
  className="pt-2 md:pt-40  font-poppins flex flex-col items-start justify-center w-full "
>
  <h2
    className=" font-extrabold text-4xl text-NeutralBlack my-8"
  >
    Log In
  </h2>
  <form
    className="text-4xl p-6 w-full bg-NeutralWhite dark:bg-Dark_Primary rounded-md shadow-md flex flex-col gap-4"
    onSubmit={[Function]}
  >
    <input
      className="input input-bordered w-full bg-NeutralWhite text-NeutralBlack mb-2 mt-1   "
      onChange={[Function]}
      placeholder="Enter your e-mail"
      type="email"
      value=""
    />
    <input
      className="input input-bordered w-full bg-NeutralWhite text-NeutralBlack mb-2 "
      onChange={[Function]}
      placeholder="enter password"
      type="password"
      value=""
    />
    <div
      className="flex flex-row justify-between items-center gap-4"
    >
      <button
        className="btn border-none font-poppins font-regular bg-Accent text-NeutralBlack dark:text-NeutralWhite dark:bg-Dark_Accent dark:hover:bg-[#3E4E68]  hover:bg-[#879AB8] hover:text-NeutralWhite hover:scale-105 duration-500  flex-1 "
        type="submit"
      >
        Log In
         
      </button>
      <button
        className="btn border-none  font-poppins font-regular bg-Accent text-NeutralBlack dark:text-NeutralWhite dark:bg-Dark_Accent dark:hover:bg-[#3E4E68]  hover:bg-[#879AB8] hover:text-NeutralWhite hover:scale-105 duration-500  flex-1"
        onClick={[Function]}
        type=""
      >
        Sign Up
         
      </button>
    </div>
    <span
      className="text-Accent font-semibold text-lg text-right cursor-pointer m mt-1 mb-2 focus:border-b-2 border-Accent"
      onClick={[Function]}
    >
      forgot
    </span>
  </form>
</div>
`;
