// Jest Snapshot v1, https://goo.gl/fbAQLP

exports[`renders correctly 1`] = `
<div
  className="container flex ml-0"
>
  <form
    className="w-full max-w-lg p-4 flex-1"
    onSubmit={[Function]}
  >
    <div
      className="mt-4"
    >
      <label
        className="block text-black text-base md:text-xl lg:text-2xl font-extrabold mb-5 font-poppins "
        htmlFor="contactType"
      >
        Type of Contact
      </label>
      <div
        className="font-semibold font-poppins text-NeutralBlack text-xs md:text-base"
      >
        <div
          className="mb-2 "
        >
          <label
            className="block items-center"
          >
            <input
              checked={false}
              className="mr-2 form-radio bg-NeutralWhite checked:bg-red-500"
              id="service"
              name="contactType"
              onChange={[Function]}
              type="radio"
              value="service"
            />
            I have a question about the service.
          </label>
        </div>
        <div
          className="mb-2"
        >
          <label
            className="block items-center"
          >
            <input
              checked={false}
              className="mr-2 form-radio text-black"
              id="support"
              name="contactType"
              onChange={[Function]}
              type="radio"
              value="support"
            />
            I'm a registered client and I need support.
          </label>
        </div>
        <div
          className="mb-2"
        >
          <label
            className="block items-center"
          >
            <input
              checked={false}
              className="mr-2 form-radio text-black"
              id="counselor"
              name="contactType"
              onChange={[Function]}
              type="radio"
              value="counselor"
            />
            I'm a counselor interested in joining.
          </label>
        </div>
        <div
          className="mb-2"
        >
          <label
            className="block items-center "
          >
            <input
              checked={false}
              className="mr-2 form-radio text-black"
              id="counselorSup"
              name="contactType"
              onChange={[Function]}
              type="radio"
              value="counselorSup"
            />
            I'm a registered counselor and I need support.
          </label>
        </div>
        <div
          className="mb-2"
        >
          <label
            className="block items-center"
          >
            <input
              checked={false}
              className="mr-2 form-radio text-black"
              id="businessRelated"
              name="contactType"
              onChange={[Function]}
              type="radio"
              value="businessRelated"
            />
            I have a business-related inquiry.
          </label>
        </div>
        <div
          className="mb-2"
        >
          <label
            className="block items-center "
          >
            <input
              checked={false}
              className="mr-2 form-radio text-black"
              id="healingOnline"
              name="contactType"
              onChange={[Function]}
              type="radio"
              value="healingOnline"
            />
            I'm interested in Healing Online for my organization.
          </label>
        </div>
        <div
          className="mb-2"
        >
          <label
            className="block items-center "
          >
            <input
              checked={false}
              className="mr-2 form-radio text-black"
              id="billingRelated"
              name="contactType"
              onChange={[Function]}
              type="radio"
              value="billingRelated"
            />
            I have a billing-related question.
          </label>
        </div>
      </div>
    </div>
    <div
      className="login mt-10"
    >
      <div>
        <label
          className="block text-black text-sm font-bold mb-2 font-poppins"
          htmlFor="fullName"
        >
          Full Name
        </label>
        <input
          className="w-full px-3 py-2 border rounded focus:outline-none focus:ring-2 focus:ring-Accent shadow-md bg-white"
          id="fullName"
          onChange={[Function]}
          placeholder="Enter your Full Name here..."
          required={true}
          type="text"
          value=""
        />
      </div>
      <div
        className="email mt-4"
      >
        <label
          className="block text-black text-sm font-bold mb-2 font-poppins"
          htmlFor="email"
        >
          Email
        </label>
        <input
          className="w-full px-3 py-2 border rounded focus:outline-none focus:ring-2 focus:ring-Accent shadow-md bg-white"
          id="email"
          onChange={[Function]}
          placeholder="Enter your email address here..."
          required={true}
          type="email"
          value=""
        />
      </div>
      <div
        className="details mt-4"
      >
        <label
          className="block text-black text-sm font-bold mb-2 font-poppins"
          htmlFor="details"
        >
          Details
        </label>
        <textarea
          className="w-full px-3 py-2 border rounded focus:outline-none focus:ring-2 focus:ring-Accent shadow-md bg-white"
          id="details"
          onChange={[Function]}
          placeholder="Enter your details here..."
          value=""
        />
      </div>
    </div>
    <div
      className="text-center flex items-center mt-3"
    >
      <button
        className="bg-Accent hover:bg-Primary text-black font-poppins font-bold py-2 px-4 rounded focus:outline-none focus:ring-2 focus:ring-Accent"
        type="submit"
      >
        Submit
      </button>
    </div>
  </form>
</div>
`;
